// Jest Snapshot v1, https://goo.gl/fbAQLP

exports[`NewUserForm component STATIC TESTS renders correctly from snapshot 1`] = `
<div
  className="bg-indigo-200 relative overflow-hidden h-screen"
>
  <div
    className="container mx-auto relative z-10 mt-20"
  >
    <div
      className="flex flex-col content-center relative"
    >
      <div
        className="self-center mb-2 text-xl font-light text-gray-800"
      >
        Create New Account
      </div>
      <div
        className="p-6 mt-8"
      >
        <form>
          <label
            htmlFor="name"
          >
            Name:
            <input
              className="rounded-lg flex-1 appearance-none border border-gray-300 w-full py-2 px-4 bg-white text-gray-700 placeholder-gray-400 shadow-sm text-base focus:outline-none focus:ring-2 focus:ring-indigo-600 mb-2"
              id="name"
              onChange={[Function]}
              placeholder="please select a user name"
              type="text"
              value=""
            />
          </label>
          <label
            htmlFor="password"
          >
            Password:
            <input
              className="rounded-lg flex-1 appearance-none border border-gray-300 w-full py-2 px-4 bg-white text-gray-700 placeholder-gray-400 shadow-sm text-base focus:outline-none focus:ring-2 focus:ring-indigo-600 mb-2"
              id="password"
              onChange={[Function]}
              placeholder="enter a password"
              type="password"
              value=""
            />
          </label>
          <label
            htmlFor="password_confirmation"
          >
            Confirm Password:
            <input
              className="rounded-lg flex-1 appearance-none border border-gray-300 w-full py-2 px-4 bg-white text-gray-700 placeholder-gray-400 shadow-sm text-base focus:outline-none focus:ring-2 focus:ring-indigo-600 mb-2"
              id="password_confirmation"
              onChange={[Function]}
              placeholder="please re-enter your password"
              type="password"
              value=""
            />
          </label>
          <button
            className="py-2 px-4 bg-gray-600 text-white w-full transition ease-in duration-200 text-center text-base font-semibold shadow-md rounded-lg cursor-not-allowed"
            disabled={true}
            onClick={[Function]}
            type="submit"
          >
            Register
          </button>
        </form>
      </div>
    </div>
  </div>
</div>
`;
